[2026-09-2500:00:42] METHOD: POST /categorias - STATUS: 201 
[2026-09-2500:00:44] METHOD: POST /categorias - STATUS: 500 
[2026-09-2500:00:50] METHOD: GET /categorias - STATUS: 200 
[2026-09-2500:00:52] METHOD: GET /categorias - STATUS: 200 
[2026-09-2500:02:02] METHOD: DELETE /categorias/6ab5b9aa2e11893c87bc99ee - STATUS: 204 
[2026-09-2500:02:28] METHOD: POST /categorias - STATUS: 201 
[2026-09-2500:02:32] METHOD: GET /categorias - STATUS: 200 
[2026-09-2500:03:10] METHOD: DELETE /v1/categorias6ab5ba1444d20e82f01b2ff9 - STATUS: 404 
[2026-09-2500:03:37] METHOD: DELETE /categorias/6ab5ba1444d20e82f01b2ff9 - STATUS: 500 
[2026-09-2501:17:22] METHOD: POST /signup - STATUS: 400 
[2026-09-2501:18:00] METHOD: POST /signup - STATUS: 400 
[2026-09-2501:18:07] METHOD: POST /signup - STATUS: 400 
[2026-09-2501:19:11] METHOD: POST /signup - STATUS: 400 
[2026-09-2501:21:53] METHOD: POST /signup - STATUS: 400 
[2026-09-2501:24:43] METHOD: POST /signup - STATUS: 400 
[2026-09-2501:25:39] METHOD: POST /signup - STATUS: 400 
[2026-09-2501:27:40] METHOD: POST /signup - STATUS: 400 
[2026-09-2501:27:41] METHOD: POST /signup - STATUS: 400 
[2026-09-2501:28:28] METHOD: POST /signup - STATUS: 201 
[2026-09-2501:29:13] METHOD: POST /signup - STATUS: 400 
[2026-09-2501:29:16] METHOD: POST /signup - STATUS: 400 
[2026-09-2501:29:26] METHOD: POST /signup - STATUS: 201 
[2026-09-2501:29:35] METHOD: POST /login - STATUS: 200 
[2026-09-2501:29:40] METHOD: POST /login - STATUS: 200 
[2026-09-2501:35:12] METHOD: POST /signup - STATUS: 400 
[2026-09-2501:39:06] METHOD: POST /login - STATUS: 200 
[2026-09-2501:39:26] METHOD: POST /signup - STATUS: 400 
[2026-09-2501:39:30] METHOD: POST /signup - STATUS: 400 
[2026-09-2501:39:31] METHOD: POST /signup - STATUS: 400 
[2026-09-2501:39:36] METHOD: POST /signup - STATUS: 400 
[2026-09-2501:39:59] METHOD: POST /signup - STATUS: 201 
[2026-09-2501:40:01] METHOD: POST /signup - STATUS: 400 
[2026-09-2511:53:14] METHOD: GET /ping - STATUS: 200 
[2026-09-2511:53:28] METHOD: POST /login - STATUS: 200 
[2026-09-2511:53:49] METHOD: POST /login - STATUS: 200 
[2026-09-2511:54:22] METHOD: POST /categorias - STATUS: 403 
[2026-09-2511:54:51] METHOD: POST /login - STATUS: 200 
[2026-09-2511:55:05] METHOD: POST /categorias - STATUS: 500 
[2026-09-2511:55:29] METHOD: GET /ping - STATUS: 200 
[2026-09-2512:13:33] METHOD: GET /ping - STATUS: 200 
[2026-09-2512:16:05] METHOD: POST /login - STATUS: 200 
[2026-09-2512:16:10] METHOD: GET /actividades - STATUS: 200 
[2026-09-2512:16:22] METHOD: GET /categorias - STATUS: 200 
[2026-09-2512:16:29] METHOD: POST /actividades - STATUS: 409 
[2026-09-2512:16:38] METHOD: POST /actividades - STATUS: 500 
[2026-09-2512:18:33] METHOD: POST /actividades - STATUS: 201 
[2026-09-2512:23:14] METHOD: POST /login - STATUS: 200 
[2026-09-2512:23:22] METHOD: GET /inscripciones - STATUS: 200 
[2026-09-2512:23:30] METHOD: POST /inscripciones - STATUS: 500 
[2026-09-2512:23:58] METHOD: POST /inscripciones - STATUS: 500 
[2026-09-2512:24:12] METHOD: POST /inscripciones - STATUS: 201 
[2026-09-2512:24:15] METHOD: GET /inscripciones - STATUS: 200 
[2026-09-2512:51:10] METHOD: PATCH /usuarios/premium - STATUS: 500 
[2026-09-2512:52:16] METHOD: PATCH /usuarios/premium - STATUS: 500 
[2026-09-2512:52:35] METHOD: PATCH /usuarios/premium - STATUS: 500 
[2026-09-2512:54:39] METHOD: POST /login - STATUS: 200 
[2026-09-2512:54:51] METHOD: PATCH /usuarios/premium - STATUS: 500 
[2026-09-2512:57:15] METHOD: PATCH /usuarios/premium - STATUS: 200 
[2026-09-2512:57:20] METHOD: PATCH /usuarios/premium - STATUS: 400 
[2026-09-2512:57:49] METHOD: PATCH /usuarios/premium - STATUS: 400 
[2026-09-2512:58:19] METHOD: POST /login - STATUS: 200 
[2026-09-2512:58:23] METHOD: PATCH /usuarios/premium - STATUS: 200 
[2026-09-2512:59:51] METHOD: PATCH /usuarios/premium - STATUS: 400 
[2026-09-2512:59:53] METHOD: PATCH /usuarios/premium - STATUS: 400 
[2026-09-2513:00:14] METHOD: PATCH /usuarios/premium - STATUS: 200 
[2026-09-2513:38:40] METHOD: POST /signup - STATUS: 400 
[2026-09-2513:39:44] METHOD: POST /signup - STATUS: 201 
[2026-09-2513:40:17] METHOD: POST /signup - STATUS: 400 
[2026-09-2513:42:21] METHOD: PATCH /usuarios/premium - STATUS: 400 
[2026-09-2513:43:07] METHOD: PATCH /usuarios/premium - STATUS: 400 
[2026-09-2513:43:34] METHOD: PATCH /usuarios/premium - STATUS: 400 
[2026-09-2513:43:45] METHOD: POST /login - STATUS: 200 
[2026-09-2513:43:48] METHOD: PATCH /usuarios/premium - STATUS: 400 
[2026-09-2513:45:12] METHOD: PATCH /usuarios/premium - STATUS: 200 
[2026-09-2513:45:36] METHOD: GET /ping - STATUS: 200 
[2026-09-2513:49:54] METHOD: POST /login - STATUS: 200 
[2026-09-2513:49:58] METHOD: PATCH /usuarios/premium - STATUS: 200 
[2026-09-2513:50:15] METHOD: PATCH /usuarios/premium - STATUS: 400 
