[2026-09-2200:00:47] METHOD: GET /actividades - STATUS: 200 
[2026-09-2200:00:50] METHOD: GET /actividades - STATUS: 200 
[2026-09-2200:00:51] METHOD: GET /actividades - STATUS: 200 
[2026-09-2200:00:52] METHOD: GET /actividades - STATUS: 200 
[2026-09-2200:03:18] METHOD: POST /actividades - STATUS: 201 
[2026-09-2200:03:38] METHOD: GET /actividades - STATUS: 200 
[2026-09-2200:07:59] METHOD: GET /actividades - STATUS: 200 
[2026-09-2200:08:51] METHOD: GET /actividades/6ab1c5c66b28e572f8f4c040 - STATUS: 200 
[2026-09-2200:09:00] METHOD: GET /v1/actividades/6ab1c5c66b28e572f8fkc040 - STATUS: 500 
[2026-09-2200:09:24] METHOD: GET /v1/actividades/6ab1c5c66b28e572f8fkc040 - STATUS: 500 
[2026-09-2200:10:00] METHOD: GET /actividades/6ab1c5c66b28e572f8f4c040 - STATUS: 200 
[2026-09-2200:10:07] METHOD: GET /actividades/6ab1c1c66b28e572f8f4c040 - STATUS: 200 
[2026-09-2200:12:16] METHOD: GET /actividades/6ab1c1c66b28e572f8f4c040 - STATUS: 404 
[2026-09-2200:12:24] METHOD: GET /actividades/6ab1c5c66b28e572f8f4c040 - STATUS: 200 
[2026-09-2200:12:29] METHOD: GET /v1/actividades/6ab1c5c66b2we572f8f4c040 - STATUS: 500 
[2026-09-2200:20:24] METHOD: PUT /actividades/6ab1c5c66b28e572f8f4c040 - STATUS: 200 
[2026-09-2200:21:45] METHOD: PUT /actividades/6ab1c5c66b28e572f8f4c040 - STATUS: 200 
[2026-09-2200:22:44] METHOD: PUT /actividades/6ab1c5c66b28e572f8f4c040 - STATUS: 200 
[2026-09-2200:24:48] METHOD: PUT /actividades/6ab1c5c66b28e572f8f4c040 - STATUS: 200 
[2026-09-2200:27:53] METHOD: PUT /actividades/6ab1c5c66b28e572f8f4c040 - STATUS: 400 
[2026-09-2200:28:22] METHOD: PUT /actividades/6ab1c5c66b28e572f8f4c040 - STATUS: 200 
[2026-09-2200:28:57] METHOD: DELETE /actividades/6ab1c5c66b28e572f8f4c048 - STATUS: 204 
[2026-09-2200:29:14] METHOD: DELETE /actividades/6ab1c5c66b28e572f8f4c040 - STATUS: 204 
[2026-09-2200:29:32] METHOD: POST /v1/actividades - STATUS: 201 
[2026-09-2200:32:24] METHOD: POST /actividades - STATUS: 201 
[2026-09-2200:32:42] METHOD: DELETE /actividades/6ab1c5c66b28e572f8f4c040 - STATUS: 204 
[2026-09-2200:34:09] METHOD: DELETE /v1/actividades/6ab1c5c66b28e572f8f4c040 - STATUS: 500 
[2026-09-2200:35:59] METHOD: DELETE /actividades/6ab1c5c66b28e572f8f4c040 - STATUS: 404 
[2026-09-2200:36:26] METHOD: DELETE /actividades/6ab1cbeca57644304c558310 - STATUS: 204 
[2026-09-2200:37:04] METHOD: PUT /actividades/6ab1cc9806ff8a8d306fecab - STATUS: 200 
[2026-09-2211:31:36] METHOD: GET /v1/inscripciones - STATUS: 401 
[2026-09-2211:31:56] METHOD: POST /login - STATUS: 200 
[2026-09-2211:32:12] METHOD: POST /signup - STATUS: 201 
[2026-09-2211:32:19] METHOD: POST /login - STATUS: 200 
[2026-09-2211:33:11] METHOD: GET /v1/inscripciones - STATUS: 401 
[2026-09-2211:33:15] METHOD: GET /v1/inscripciones - STATUS: 401 
[2026-09-2211:33:16] METHOD: GET /v1/inscripciones - STATUS: 401 
[2026-09-2211:33:16] METHOD: GET /v1/inscripciones - STATUS: 401 
[2026-09-2211:33:17] METHOD: GET /v1/inscripciones - STATUS: 401 
[2026-09-2211:35:42] METHOD: GET /v1/actividades - STATUS: 401 
[2026-09-2211:35:49] METHOD: GET /v1/inscripciones - STATUS: 401 
[2026-09-2211:36:00] METHOD: POST /login - STATUS: 200 
[2026-09-2211:36:18] METHOD: GET /v1/actividades - STATUS: 401 
[2026-09-2211:36:19] METHOD: GET /v1/actividades - STATUS: 401 
[2026-09-2211:36:31] METHOD: GET /actividades - STATUS: 200 
[2026-09-2211:36:37] METHOD: GET /v1/actividades/6ab1c5c66b2we572f8f4c040 - STATUS: 500 
[2026-09-2211:36:47] METHOD: POST /actividades - STATUS: 201 
[2026-09-2211:36:55] METHOD: GET /inscripciones - STATUS: 200 
[2026-09-2211:37:11] METHOD: POST /login - STATUS: 200 
[2026-09-2211:37:50] METHOD: GET /actividades - STATUS: 200 
[2026-09-2211:37:57] METHOD: GET /actividades - STATUS: 200 
[2026-09-2211:38:06] METHOD: GET /actividades - STATUS: 200 
[2026-09-2211:38:07] METHOD: GET /actividades - STATUS: 200 
[2026-09-2211:38:11] METHOD: GET /actividades - STATUS: 200 
[2026-09-2211:38:23] METHOD: POST /actividades - STATUS: 403 
[2026-09-2211:38:24] METHOD: POST /actividades - STATUS: 403 
[2026-09-2211:38:36] METHOD: GET /inscripciones - STATUS: 200 
[2026-09-2211:38:39] METHOD: GET /inscripciones - STATUS: 200 
[2026-09-2211:38:40] METHOD: GET /inscripciones - STATUS: 200 
[2026-09-2211:47:09] METHOD: GET /inscripciones/2 - STATUS: 500 
[2026-09-2211:47:42] METHOD: GET /inscripciones/6ab2673c73a8f519ece2bc9e - STATUS: 200 
[2026-09-2211:56:06] METHOD: POST /inscripciones - STATUS: 400 
[2026-09-2211:56:22] METHOD: POST /v1/inscripciones - STATUS: 500 
[2026-09-2211:56:30] METHOD: POST /inscripciones - STATUS: 500 
[2026-09-2211:59:17] METHOD: POST /inscripciones - STATUS: 500 
[2026-09-2212:00:35] METHOD: POST /inscripciones - STATUS: 500 
[2026-09-2212:01:03] METHOD: POST /inscripciones - STATUS: 500 
[2026-09-2212:02:31] METHOD: POST /inscripciones - STATUS: 500 
[2026-09-2212:02:41] METHOD: GET /inscripciones/6ab2673c73a8f519ece2bc9e - STATUS: 200 
[2026-09-2212:06:27] METHOD: POST /inscripciones - STATUS: 500 
[2026-09-2212:06:55] METHOD: POST /inscripciones - STATUS: 500 
[2026-09-2212:08:42] METHOD: POST /inscripciones - STATUS: 201 
[2026-09-2212:09:09] METHOD: POST /inscripciones - STATUS: 201 
[2026-09-2212:20:11] METHOD: GET /inscripciones - STATUS: 200 
[2026-09-2212:20:25] METHOD: POST /inscripciones - STATUS: 201 
[2026-09-2212:20:26] METHOD: POST /inscripciones - STATUS: 201 
[2026-09-2212:20:27] METHOD: POST /inscripciones - STATUS: 201 
[2026-09-2212:20:38] METHOD: GET /inscripciones - STATUS: 200 
[2026-09-2212:20:49] METHOD: POST /inscripciones - STATUS: 201 
[2026-09-2212:20:50] METHOD: POST /inscripciones - STATUS: 201 
[2026-09-2212:21:11] METHOD: POST /signup - STATUS: 400 
[2026-09-2212:21:17] METHOD: POST /signup - STATUS: 201 
[2026-09-2212:21:22] METHOD: POST /login - STATUS: 200 
[2026-09-2212:21:49] METHOD: GET /inscripciones - STATUS: 200 
[2026-09-2212:21:50] METHOD: GET /inscripciones - STATUS: 200 
[2026-09-2212:21:51] METHOD: GET /inscripciones - STATUS: 200 
[2026-09-2212:21:52] METHOD: GET /inscripciones - STATUS: 200 
[2026-09-2212:22:02] METHOD: GET /inscripciones/6ab2673c73a8f519ece2bc9e - STATUS: 200 
[2026-09-2212:22:13] METHOD: GET /inscripciones - STATUS: 200 
[2026-09-2212:22:23] METHOD: GET /inscripciones - STATUS: 200 
[2026-09-2212:22:49] METHOD: GET /inscripciones/6ab2673c73a8f519ece2bc9e - STATUS: 200 
[2026-09-2212:22:55] METHOD: POST /inscripciones - STATUS: 201 
[2026-09-2212:23:10] METHOD: GET /inscripciones - STATUS: 200 
[2026-09-2212:23:16] METHOD: GET /inscripciones - STATUS: 200 
[2026-09-2212:26:09] METHOD: POST /login - STATUS: 200 
[2026-09-2212:26:31] METHOD: GET /inscripciones - STATUS: 200 
[2026-09-2212:26:44] METHOD: GET /inscripciones/6ab2673c73a8f519ece2bc9e - STATUS: 200 
[2026-09-2212:26:49] METHOD: POST /inscripciones - STATUS: 201 
[2026-09-2212:26:55] METHOD: GET /inscripciones - STATUS: 200 
[2026-09-2212:33:02] METHOD: GET /inscripciones - STATUS: 200 
[2026-09-2212:33:07] METHOD: DELETE /inscripciones/6ab27409e6b09b07dbd6f99a - STATUS: 200 
[2026-09-2212:33:11] METHOD: GET /inscripciones - STATUS: 200 
[2026-09-2212:34:40] METHOD: GET /inscripciones - STATUS: 200 
[2026-09-2212:34:44] METHOD: GET /inscripciones/6ab2673c73a8f519ece2bc9e - STATUS: 200 
[2026-09-2212:35:04] METHOD: GET /inscripciones/6ab272a24656f60dcb937cd4 - STATUS: 200 
[2026-09-2212:35:16] METHOD: DELETE /inscripciones/6ab272a24656f60dcb937cd4 - STATUS: 200 
[2026-09-2212:35:42] METHOD: DELETE /inscripciones/6ab272894656f60dcb937cd0 - STATUS: 200 
[2026-09-2212:36:01] METHOD: POST /login - STATUS: 200 
[2026-09-2212:36:16] METHOD: GET /inscripciones - STATUS: 200 
[2026-09-2212:36:22] METHOD: GET /inscripciones/6ab272a24656f60dcb937cd4 - STATUS: 200 
[2026-09-2212:36:30] METHOD: DELETE /inscripciones/6ab272894656f60dcb937cd0 - STATUS: 200 
[2026-09-2212:36:56] METHOD: GET /inscripciones - STATUS: 200 
[2026-09-2212:37:02] METHOD: GET /inscripciones - STATUS: 200 
[2026-09-2212:37:07] METHOD: DELETE /inscripciones/6ab272894656f60dcb937cd0 - STATUS: 200 
[2026-09-2212:37:09] METHOD: GET /inscripciones - STATUS: 200 
[2026-09-2212:37:26] METHOD: DELETE /inscripciones/6ab2731f4656f60dcb937cd6 - STATUS: 200 
[2026-09-2212:37:29] METHOD: GET /inscripciones - STATUS: 200 
[2026-09-2213:32:43] METHOD: GET /inscripciones/6ab272a24656f60dcb937cd4 - STATUS: 200 
[2026-09-2213:33:05] METHOD: GET /inscripciones - STATUS: 200 
[2026-09-2213:33:29] METHOD: GET /inscripciones/6ab272a24656f60dcb937cd4 - STATUS: 200 
[2026-09-2213:33:46] METHOD: GET /inscripciones/6ab272a24656f60dcb937cd4 - STATUS: 200 
[2026-09-2213:34:08] METHOD: GET /inscripciones/6ab272a24656f60dcb937cd4 - STATUS: 200 
[2026-09-2213:34:10] METHOD: GET /inscripciones/6ab272a24656f60dcb937cd4 - STATUS: 200 
[2026-09-2213:34:11] METHOD: GET /inscripciones/6ab272a24656f60dcb937cd4 - STATUS: 200 
[2026-09-2213:34:13] METHOD: GET /inscripciones/6ab272a24656f60dcb937cd4 - STATUS: 200 
[2026-09-2213:34:13] METHOD: GET /inscripciones/6ab272a24656f60dcb937cd4 - STATUS: 200 
[2026-09-2213:34:14] METHOD: GET /inscripciones/6ab272a24656f60dcb937cd4 - STATUS: 200 
[2026-09-2213:34:23] METHOD: GET /inscripciones/6ab272a24656f60dcb937cd4 - STATUS: 200 
[2026-09-2213:34:25] METHOD: GET /inscripciones/6ab272a24656f60dcb937cd4 - STATUS: 200 
[2026-09-2218:44:11] METHOD: GET / - STATUS: 401 
[2026-09-2218:44:11] METHOD: GET /favicon.ico - STATUS: 401 
[2026-09-2218:44:42] METHOD: GET //public/ping - STATUS: 401 
[2026-09-2218:44:55] METHOD: POST //v1/auth/login - STATUS: 401 
[2026-09-2218:45:28] METHOD: POST /login - STATUS: 200 
[2026-09-2218:45:47] METHOD: GET /v1/actividades - STATUS: 401 
[2026-09-2218:46:07] METHOD: GET /actividades - STATUS: 200 
[2026-09-2218:46:12] METHOD: GET /v1/actividades/6ab1c5c66b2we572f8f4c040 - STATUS: 500 
[2026-09-2218:46:22] METHOD: GET /categorias - STATUS: 200 
[2026-09-2218:46:32] METHOD: GET /inscripciones - STATUS: 200 
[2026-09-2218:46:38] METHOD: GET /inscripciones/2 - STATUS: 500 
[2026-09-2218:46:48] METHOD: POST /inscripciones - STATUS: 201 
[2026-09-2218:46:56] METHOD: GET /inscripciones - STATUS: 200 
[2026-09-2218:47:04] METHOD: GET /inscripciones/6ab2cd175929df8feb9c75ea - STATUS: 200 
[2026-09-2218:47:09] METHOD: DELETE /inscripciones/6ab2cd175929df8feb9c75ea - STATUS: 200 
[2026-09-2218:47:12] METHOD: GET /inscripciones - STATUS: 200 
[2026-09-2218:48:20] METHOD: POST /categorias - STATUS: 201 
[2026-09-2218:48:27] METHOD: GET /categorias - STATUS: 200 
[2026-09-2218:48:31] METHOD: POST /categorias - STATUS: 201 
[2026-09-2218:48:40] METHOD: GET /categorias - STATUS: 200 
[2026-09-2218:50:33] METHOD: GET /categorias - STATUS: 200 
[2026-09-2218:53:02] METHOD: GET /categorias - STATUS: 200 
[2026-09-2218:53:53] METHOD: GET /categorias - STATUS: 200 
[2026-09-2218:54:01] METHOD: DELETE /v1/categorias/1 - STATUS: 500 
[2026-09-2218:54:06] METHOD: DELETE /categorias/6ab2cd748e5ec758a2147197 - STATUS: 204 
[2026-09-2218:54:11] METHOD: DELETE /categorias/6ab2cd748e5ec758a2147194 - STATUS: 204 
[2026-09-2218:54:16] METHOD: GET /categorias - STATUS: 200 
[2026-09-2218:54:22] METHOD: GET /categorias - STATUS: 200 
[2026-09-2218:54:28] METHOD: GET /categorias/6ab2cd7f8e5ec758a2147199 - STATUS: 404 
[2026-09-2218:54:32] METHOD: GET /categorias/6ab2cd7f8e5ec758a2147195 - STATUS: 200 
[2026-09-2218:54:42] METHOD: PUT /categorias/6ab2cd7f8e5ec758a2147195 - STATUS: 404 
[2026-09-2218:54:54] METHOD: PUT /categorias/6ab2cd7f8e5ec758a2147195 - STATUS: 404 
[2026-09-2218:54:58] METHOD: GET /categorias - STATUS: 200 
[2026-09-2218:55:09] METHOD: PUT /categorias/6ab2cd7f8e5ec758a2147195 - STATUS: 404 
[2026-09-2218:55:13] METHOD: GET /categorias - STATUS: 200 
[2026-09-2218:57:13] METHOD: PUT /categorias/6ab2cd7f8e5ec758a2147195 - STATUS: 200 
[2026-09-2218:57:20] METHOD: GET /categorias - STATUS: 200 
[2026-09-2218:57:26] METHOD: DELETE /categorias/6ab2cd7f8e5ec758a2147198 - STATUS: 404 
[2026-09-2218:57:29] METHOD: DELETE /categorias/6ab2cd7f8e5ec758a2147195 - STATUS: 204 
[2026-09-2218:57:32] METHOD: GET /categorias - STATUS: 200 
