[2026-09-1611:48:05] METHOD: GET /ping - STATUS: 200 
[2026-09-1611:48:31] METHOD: GET /v1/actividades - STATUS: 401 
[2026-09-1611:48:46] METHOD: POST /login - STATUS: 400 
[2026-09-1611:48:58] METHOD: POST /login - STATUS: 400 
[2026-09-1611:49:07] METHOD: POST /signup - STATUS: 201 
[2026-09-1611:49:13] METHOD: POST /signup - STATUS: 201 
[2026-09-1611:49:20] METHOD: POST /login - STATUS: 200 
[2026-09-1611:49:57] METHOD: GET /v1/actividades - STATUS: 401 
[2026-09-1611:50:17] METHOD: GET /actividades - STATUS: 200 
[2026-09-1611:50:28] METHOD: GET /v1/actividades/1 - STATUS: 401 
[2026-09-1611:50:55] METHOD: GET /actividades/1 - STATUS: 200 
[2026-09-1611:51:08] METHOD: GET /actividades/1 - STATUS: 200 
[2026-09-1611:51:39] METHOD: POST /actividades - STATUS: 201 
[2026-09-1611:52:08] METHOD: DELETE /actividades/2 - STATUS: 204 
[2026-09-1611:52:13] METHOD: DELETE /actividades/2 - STATUS: 404 
[2026-09-1611:52:14] METHOD: DELETE /actividades/2 - STATUS: 404 
[2026-09-1611:52:44] METHOD: PUT /v1/actividades/1 - STATUS: 401 
[2026-09-1611:52:55] METHOD: PUT /actividades/1 - STATUS: 200 
[2026-09-1612:07:09] METHOD: GET /ping - STATUS: 200 
[2026-09-1612:07:12] METHOD: GET /actividades - STATUS: 200 
[2026-09-1612:07:15] METHOD: GET /actividades/1 - STATUS: 200 
[2026-09-1612:07:20] METHOD: GET /actividades - STATUS: 200 
[2026-09-1612:07:33] METHOD: POST /actividades - STATUS: 201 
[2026-09-1612:07:36] METHOD: GET /actividades - STATUS: 200 
[2026-09-1612:07:43] METHOD: DELETE /actividades/2 - STATUS: 204 
[2026-09-1612:07:51] METHOD: POST /login - STATUS: 400 
[2026-09-1612:07:56] METHOD: POST /signup - STATUS: 201 
[2026-09-1612:08:00] METHOD: POST /login - STATUS: 200 
[2026-09-1612:26:22] METHOD: GET /actividades - STATUS: 200 
[2026-09-1612:26:25] METHOD: GET /actividades/1 - STATUS: 200 
[2026-09-1612:26:30] METHOD: POST /v1/actividades - STATUS: 500 
[2026-09-1612:26:56] METHOD: PUT /v1/actividades/1 - STATUS: 500 
[2026-09-1612:27:05] METHOD: POST /login - STATUS: 400 
[2026-09-1612:27:09] METHOD: POST /signup - STATUS: 201 
[2026-09-1612:27:13] METHOD: POST /login - STATUS: 200 
[2026-09-1612:27:37] METHOD: GET /actividades - STATUS: 200 
[2026-09-1612:27:40] METHOD: GET /actividades/1 - STATUS: 200 
[2026-09-1612:27:43] METHOD: POST /v1/actividades - STATUS: 500 
[2026-09-1612:27:45] METHOD: POST /v1/actividades - STATUS: 500 
[2026-09-1612:28:43] METHOD: GET /actividades - STATUS: 200 
[2026-09-1612:28:51] METHOD: GET /actividades/1 - STATUS: 200 
[2026-09-1612:29:02] METHOD: POST /v1/actividades - STATUS: 500 
[2026-09-1612:34:02] METHOD: POST /actividades - STATUS: 201 
[2026-09-1612:34:20] METHOD: POST /actividades - STATUS: 201 
[2026-09-1612:34:21] METHOD: POST /actividades - STATUS: 201 
[2026-09-1612:34:24] METHOD: GET /actividades/1 - STATUS: 200 
[2026-09-1612:34:29] METHOD: PUT /actividades/1 - STATUS: 200 
[2026-09-1612:36:51] METHOD: PUT /actividades/1 - STATUS: 200 
[2026-09-1612:37:00] METHOD: PUT /actividades/1 - STATUS: 200 
[2026-09-1612:37:22] METHOD: PUT /actividades/1 - STATUS: 200 
[2026-09-1612:37:24] METHOD: PUT /actividades/1 - STATUS: 200 
[2026-09-1612:37:59] METHOD: GET /ping - STATUS: 200 
[2026-09-1612:38:02] METHOD: GET /actividades - STATUS: 200 
[2026-09-1612:38:07] METHOD: GET /actividades/1 - STATUS: 200 
[2026-09-1612:38:11] METHOD: POST /actividades - STATUS: 201 
[2026-09-1612:38:15] METHOD: GET /actividades - STATUS: 200 
[2026-09-1612:38:40] METHOD: POST /actividades - STATUS: 201 
[2026-09-1612:38:43] METHOD: GET /actividades - STATUS: 200 
[2026-09-1612:38:49] METHOD: DELETE /actividades/2 - STATUS: 204 
[2026-09-1612:45:00] METHOD: POST /signup - STATUS: 201 
[2026-09-1612:45:09] METHOD: POST /login - STATUS: 200 
[2026-09-1612:46:03] METHOD: POST /login - STATUS: 401 
[2026-09-1612:46:08] METHOD: POST /login - STATUS: 401 
[2026-09-1612:46:36] METHOD: POST /signup - STATUS: 201 
[2026-09-1612:47:03] METHOD: POST /login - STATUS: 200 
[2026-09-1612:49:37] METHOD: POST /signup - STATUS: 201 
[2026-09-1612:49:41] METHOD: POST /login - STATUS: 200 
[2026-09-1612:49:45] METHOD: POST /actividades - STATUS: 201 
[2026-09-1612:51:09] METHOD: POST /actividades - STATUS: 201 
[2026-09-1612:51:15] METHOD: POST /signup - STATUS: 201 
[2026-09-1612:52:37] METHOD: POST /signup - STATUS: 400 
[2026-09-1612:52:41] METHOD: POST /signup - STATUS: 400 
[2026-09-1613:26:09] METHOD: POST /v1/usuarios/premium - STATUS: 401 
[2026-09-1613:26:21] METHOD: GET /actividades - STATUS: 200 
[2026-09-1613:26:40] METHOD: POST /signup - STATUS: 201 
[2026-09-1613:26:45] METHOD: POST /login - STATUS: 200 
[2026-09-1613:27:11] METHOD: POST /v1/usuarios/premium - STATUS: 401 
[2026-09-1613:27:36] METHOD: POST /v1/usuarios/premium - STATUS: 404 
[2026-09-1613:28:04] METHOD: POST /v1/usuarios/premium - STATUS: 404 
[2026-09-1613:29:42] METHOD: POST /v1/usuarios/premium - STATUS: 404 
[2026-09-1613:30:03] METHOD: PATCH /v1/usuarios/premium - STATUS: 500 
[2026-09-1613:30:51] METHOD: PATCH /v1/usuarios/premium - STATUS: 500 
[2026-09-1613:32:34] METHOD: PATCH /usuarios/premium - STATUS: 200 
[2026-09-1613:34:11] METHOD: PATCH /usuarios/premium - STATUS: 200 
[2026-09-1613:34:13] METHOD: PATCH /usuarios/premium - STATUS: 200 
[2026-09-1613:34:14] METHOD: PATCH /usuarios/premium - STATUS: 200 
[2026-09-1613:34:57] METHOD: POST /login - STATUS: 200 
[2026-09-1613:35:41] METHOD: POST /login - STATUS: 200 
[2026-09-1613:35:50] METHOD: PATCH /usuarios/premium - STATUS: 200 
[2026-09-1613:36:01] METHOD: POST /signup - STATUS: 201 
[2026-09-1613:36:17] METHOD: POST /login - STATUS: 200 
[2026-09-1613:36:52] METHOD: PATCH /usuarios/premium - STATUS: 200 
[2026-09-1613:37:39] METHOD: GET /ping - STATUS: 200 
[2026-09-1613:37:42] METHOD: GET /actividades - STATUS: 200 
[2026-09-1613:37:45] METHOD: GET /actividades/1 - STATUS: 200 
[2026-09-1613:37:49] METHOD: POST /actividades - STATUS: 201 
[2026-09-1613:37:56] METHOD: DELETE /actividades/2 - STATUS: 204 
[2026-09-1613:38:01] METHOD: PUT /actividades/1 - STATUS: 200 
[2026-09-1613:42:55] METHOD: PATCH /usuarios/premium - STATUS: 400 
[2026-09-1613:43:20] METHOD: POST /login - STATUS: 400 
[2026-09-1613:43:23] METHOD: POST /login - STATUS: 400 
[2026-09-1613:43:26] METHOD: POST /signup - STATUS: 201 
[2026-09-1613:43:30] METHOD: POST /login - STATUS: 200 
[2026-09-1613:43:34] METHOD: PATCH /usuarios/premium - STATUS: 200 
[2026-09-1613:45:52] METHOD: PATCH /usuarios/premium - STATUS: 400 
[2026-09-1613:45:56] METHOD: PATCH /usuarios/premium - STATUS: 400 
[2026-09-1613:45:59] METHOD: POST /signup - STATUS: 201 
[2026-09-1613:46:03] METHOD: POST /login - STATUS: 200 
[2026-09-1613:46:05] METHOD: PATCH /usuarios/premium - STATUS: 200 
[2026-09-1615:28:22] METHOD: POST /signup - STATUS: 201 
[2026-09-1615:28:26] METHOD: POST /login - STATUS: 200 
[2026-09-1615:28:47] METHOD: GET /ping - STATUS: 200 
[2026-09-1615:28:51] METHOD: GET /actividades - STATUS: 200 
[2026-09-1615:29:00] METHOD: GET /actividades/1 - STATUS: 200 
[2026-09-1615:29:04] METHOD: POST /actividades - STATUS: 403 
[2026-09-1615:29:59] METHOD: POST /login - STATUS: 200 
[2026-09-1615:30:20] METHOD: GET /actividades - STATUS: 200 
[2026-09-1615:30:24] METHOD: GET /actividades/1 - STATUS: 200 
[2026-09-1615:30:27] METHOD: POST /actividades - STATUS: 201 
[2026-09-1615:31:47] METHOD: POST /actividades - STATUS: 201 
[2026-09-1615:31:48] METHOD: POST /actividades - STATUS: 201 
[2026-09-1615:31:49] METHOD: POST /actividades - STATUS: 201 
[2026-09-1615:31:50] METHOD: POST /actividades - STATUS: 201 
[2026-09-1615:31:51] METHOD: POST /actividades - STATUS: 201 
[2026-09-1615:31:53] METHOD: GET /actividades - STATUS: 200 
[2026-09-1615:32:00] METHOD: GET /actividades/1 - STATUS: 200 
[2026-09-1615:32:01] METHOD: GET /actividades/1 - STATUS: 200 
[2026-09-1615:32:06] METHOD: DELETE /actividades/2 - STATUS: 204 
[2026-09-1615:32:10] METHOD: PUT /actividades/1 - STATUS: 200 
[2026-09-1615:32:18] METHOD: POST /login - STATUS: 400 
[2026-09-1615:32:26] METHOD: POST /login - STATUS: 200 
[2026-09-1615:32:48] METHOD: GET /actividades/1 - STATUS: 200 
[2026-09-1615:32:51] METHOD: GET /actividades - STATUS: 200 
[2026-09-1615:32:54] METHOD: POST /actividades - STATUS: 403 
[2026-09-1615:32:57] METHOD: DELETE /actividades/2 - STATUS: 403 
[2026-09-1615:33:00] METHOD: PUT /actividades/1 - STATUS: 403 
[2026-09-1622:07:16] METHOD: GET /ping - STATUS: 401 
[2026-09-1622:07:16] METHOD: GET /favicon.ico - STATUS: 401 
[2026-09-1622:07:32] METHOD: GET /ping - STATUS: 200 
[2026-09-1622:07:32] METHOD: GET /favicon.ico - STATUS: 401 
[2026-09-1622:09:05] METHOD: GET /ping - STATUS: 200 
[2026-09-1622:09:13] METHOD: GET /v1/actividades - STATUS: 401 
[2026-09-1622:09:17] METHOD: GET /v1/actividades/1 - STATUS: 401 
[2026-09-1622:10:57] METHOD: PUT /v1/actividades/1 - STATUS: 401 
[2026-09-1622:11:26] METHOD: POST /login - STATUS: 200 
[2026-09-1622:11:47] METHOD: GET /actividades - STATUS: 200 
[2026-09-1622:11:50] METHOD: GET /actividades/1 - STATUS: 200 
[2026-09-1622:11:55] METHOD: GET /actividades/2 - STATUS: 404 
[2026-09-1622:11:59] METHOD: POST /actividades - STATUS: 403 
[2026-09-1622:12:03] METHOD: DELETE /actividades/2 - STATUS: 403 
[2026-09-1622:12:09] METHOD: DELETE /actividades/1 - STATUS: 403 
[2026-09-1622:12:12] METHOD: PUT /v1/actividades/1 - STATUS: 403 
[2026-09-1622:12:35] METHOD: PUT /actividades/1 - STATUS: 403 
[2026-09-1622:59:36] METHOD: GET /ping - STATUS: 200 
[2026-09-1622:59:49] METHOD: POST /login - STATUS: 200 
[2026-09-1623:00:47] METHOD: POST /signup - STATUS: 400 
[2026-09-1623:03:21] METHOD: POST /signup - STATUS: 400 
[2026-09-1623:03:47] METHOD: POST /signup - STATUS: 400 
[2026-09-1623:03:48] METHOD: POST /signup - STATUS: 400 
[2026-09-1623:03:54] METHOD: POST /signup - STATUS: 400 
[2026-09-1623:04:57] METHOD: POST /signup - STATUS: 400 
[2026-09-1623:04:58] METHOD: POST /signup - STATUS: 400 
[2026-09-1623:06:16] METHOD: POST /signup - STATUS: 201 
[2026-09-1623:09:41] METHOD: POST /signup - STATUS: 201 
[2026-09-1623:12:23] METHOD: POST /signup - STATUS: 201 
[2026-09-1623:13:23] METHOD: POST /signup - STATUS: 201 
[2026-09-1623:14:24] METHOD: POST /v1/auth/signup - STATUS: 201 
[2026-09-1623:30:22] METHOD: POST /signup - STATUS: 201 
[2026-09-1623:32:55] METHOD: POST /signup - STATUS: 201 
[2026-09-1623:35:45] METHOD: POST /signup - STATUS: 201 
[2026-09-1623:36:14] METHOD: POST /signup - STATUS: 201 
[2026-09-1623:37:18] METHOD: POST /signup - STATUS: 201 
