[2026-09-0900:12:02] METHOD: GET /ping - STATUS: 200 
[2026-09-0900:12:18] METHOD: POST /expenses - STATUS: 201 
[2026-09-0900:22:50] METHOD: POST /expenses - STATUS: 201 
[2026-09-0900:57:43] METHOD: POST /expenses - STATUS: 201 
[2026-09-0900:57:56] METHOD: POST /expenses - STATUS: 201 
[2026-09-0900:58:47] METHOD: POST /expenses - STATUS: 201 
[2026-09-0901:08:53] METHOD: POST /expenses - STATUS: 201 
[2026-09-0901:09:01] METHOD: POST /expenses - STATUS: 201 
[2026-09-0901:09:31] METHOD: POST /expenses - STATUS: 201 
[2026-09-0901:10:08] METHOD: POST /expenses - STATUS: 201 
[2026-09-0921:55:19] METHOD: GET /ping - STATUS: 200 
[2026-09-0921:55:19] METHOD: GET /favicon.ico - STATUS: 401 
[2026-09-0921:59:25] METHOD: GET /ping - STATUS: 200 
[2026-09-0921:59:37] METHOD: GET /ping - STATUS: 200 
[2026-09-0922:19:37] METHOD: GET /actividades - STATUS: 200 
[2026-09-0922:24:48] METHOD: GET /v1/actividades/1 - STATUS: 500 
[2026-09-0922:25:04] METHOD: GET /v1/actividades:1 - STATUS: 404 
[2026-09-0922:25:13] METHOD: GET /v1/actividades/:1 - STATUS: 500 
[2026-09-0922:28:13] METHOD: GET /v1/actividades/:1 - STATUS: 500 
[2026-09-0922:28:25] METHOD: GET /actividades/ - STATUS: 200 
[2026-09-0922:28:31] METHOD: GET /v1/actividades:1 - STATUS: 404 
[2026-09-0922:28:39] METHOD: GET /v1/actividades/:1 - STATUS: 500 
[2026-09-0922:30:01] METHOD: GET /actividades/:1 - STATUS: 404 
[2026-09-0922:30:12] METHOD: GET /actividades/1 - STATUS: 200 
[2026-09-0922:37:34] METHOD: GET /ping - STATUS: 200 
[2026-09-0922:37:41] METHOD: GET /actividades - STATUS: 200 
[2026-09-0922:37:47] METHOD: GET /actividades/2 - STATUS: 404 
[2026-09-0922:37:51] METHOD: GET /actividades/1 - STATUS: 200 
[2026-09-0922:41:06] METHOD: POST /v1/actividades - STATUS: 500 
[2026-09-0922:43:14] METHOD: POST /actividades - STATUS: 201 
[2026-09-0922:43:22] METHOD: GET /actividades - STATUS: 200 
[2026-09-0922:44:38] METHOD: POST /actividades - STATUS: 201 
[2026-09-0922:44:43] METHOD: GET /actividades - STATUS: 200 
[2026-09-0922:45:50] METHOD: GET /actividades - STATUS: 200 
[2026-09-0922:46:14] METHOD: GET /actividades - STATUS: 200 
[2026-09-0922:46:17] METHOD: GET /actividades/1 - STATUS: 200 
[2026-09-0922:46:28] METHOD: POST /actividades - STATUS: 201 
[2026-09-0922:46:34] METHOD: GET /actividades - STATUS: 200 
[2026-09-0922:48:15] METHOD: POST /v1/actividades - STATUS: 500 
[2026-09-0922:49:33] METHOD: POST /actividades - STATUS: 201 
[2026-09-0922:49:37] METHOD: GET /actividades - STATUS: 200 
[2026-09-0922:50:13] METHOD: POST /actividades - STATUS: 201 
[2026-09-0922:51:14] METHOD: GET /actividades/1 - STATUS: 200 
[2026-09-0922:51:33] METHOD: DELETE /actividades/1 - STATUS: 204 
[2026-09-0922:51:51] METHOD: GET /actividades - STATUS: 200 
[2026-09-0922:52:04] METHOD: DELETE /actividades/2 - STATUS: 204 
[2026-09-0922:52:07] METHOD: GET /actividades - STATUS: 200 
[2026-09-0922:52:52] METHOD: DELETE /actividades/2 - STATUS: 404 
[2026-09-0922:54:14] METHOD: PUT /actividades/2 - STATUS: 404 
[2026-09-0922:54:36] METHOD: PUT /actividades/3 - STATUS: 200 
[2026-09-0922:54:52] METHOD: GET /actividades - STATUS: 200 
[2026-09-0922:57:08] METHOD: PUT /actividades/1 - STATUS: 200 
[2026-09-0922:57:14] METHOD: GET /actividades - STATUS: 200 
[2026-09-0923:03:02] METHOD: POST /v1/actividades - STATUS: 500 
[2026-09-0923:03:15] METHOD: POST /v1/actividades - STATUS: 500 
[2026-09-0923:03:26] METHOD: GET /actividades - STATUS: 200 
[2026-09-0923:03:33] METHOD: GET /actividades/1 - STATUS: 200 
