[2026-09-2422:29:02] METHOD: POST /login - STATUS: 200 
[2026-09-2422:29:28] METHOD: GET /categorias - STATUS: 200 
[2026-09-2422:29:34] METHOD: POST /categorias - STATUS: 201 
[2026-09-2422:29:37] METHOD: GET /categorias - STATUS: 200 
[2026-09-2422:30:03] METHOD: GET /categorias/6ab5a44ec04ca35384fe21a0 - STATUS: 200 
[2026-09-2422:30:11] METHOD: PUT /v1/categorias/2 - STATUS: 500 
[2026-09-2422:30:21] METHOD: PUT /categorias/6ab5a44ec04ca35384fe21a0 - STATUS: 200 
[2026-09-2422:30:26] METHOD: GET /categorias/6ab5a44ec04ca35384fe21a0 - STATUS: 200 
[2026-09-2422:30:31] METHOD: DELETE /v1/categorias/1 - STATUS: 500 
[2026-09-2422:30:36] METHOD: DELETE /categorias/6ab5a44ec04ca35384fe21a0 - STATUS: 204 
[2026-09-2423:31:06] METHOD: POST /login - STATUS: 200 
[2026-09-2423:31:25] METHOD: POST /actividades - STATUS: 201 
[2026-09-2423:35:31] METHOD: POST /actividades - STATUS: 409 
[2026-09-2423:35:38] METHOD: POST /actividades - STATUS: 409 
[2026-09-2423:35:40] METHOD: POST /actividades - STATUS: 409 
[2026-09-2423:35:58] METHOD: POST /actividades - STATUS: 409 
[2026-09-2423:37:55] METHOD: POST /actividades - STATUS: 409 
[2026-09-2423:37:58] METHOD: POST /actividades - STATUS: 409 
[2026-09-2423:37:59] METHOD: POST /actividades - STATUS: 409 
[2026-09-2423:38:19] METHOD: POST /actividades - STATUS: 409 
[2026-09-2423:38:33] METHOD: POST /actividades - STATUS: 201 
[2026-09-2423:38:40] METHOD: POST /actividades - STATUS: 201 
[2026-09-2423:39:45] METHOD: GET /inscripciones - STATUS: 200 
[2026-09-2423:39:59] METHOD: POST /login - STATUS: 200 
[2026-09-2423:40:19] METHOD: GET /inscripciones - STATUS: 200 
[2026-09-2423:40:28] METHOD: GET /actividades - STATUS: 200 
[2026-09-2423:41:20] METHOD: POST /inscripciones - STATUS: 500 
[2026-09-2423:41:36] METHOD: POST /inscripciones - STATUS: 500 
[2026-09-2423:41:47] METHOD: POST /inscripciones - STATUS: 500 
[2026-09-2423:42:45] METHOD: POST /inscripciones - STATUS: 500 
[2026-09-2423:42:48] METHOD: POST /inscripciones - STATUS: 500 
[2026-09-2423:42:51] METHOD: POST /inscripciones - STATUS: 500 
[2026-09-2423:43:03] METHOD: POST /inscripciones - STATUS: 500 
[2026-09-2423:43:04] METHOD: POST /inscripciones - STATUS: 500 
[2026-09-2423:43:05] METHOD: POST /inscripciones - STATUS: 500 
[2026-09-2423:43:09] METHOD: POST /inscripciones - STATUS: 500 
[2026-09-2423:43:16] METHOD: POST /inscripciones - STATUS: 500 
[2026-09-2423:44:16] METHOD: POST /inscripciones - STATUS: 500 
[2026-09-2423:44:44] METHOD: POST /login - STATUS: 200 
[2026-09-2423:45:02] METHOD: DELETE /actividades/6ab1cc9806ff8a8d306fecab - STATUS: 204 
[2026-09-2423:45:18] METHOD: GET /actividades - STATUS: 200 
[2026-09-2423:45:40] METHOD: GET /inscripciones - STATUS: 200 
[2026-09-2423:49:30] METHOD: POST /login - STATUS: 200 
[2026-09-2423:49:46] METHOD: GET /inscripciones - STATUS: 200 
[2026-09-2423:50:47] METHOD: POST /inscripciones - STATUS: 500 
[2026-09-2423:51:03] METHOD: GET /inscripciones - STATUS: 200 
[2026-09-2423:52:57] METHOD: POST /inscripciones - STATUS: 500 
[2026-09-2423:53:06] METHOD: GET /actividades - STATUS: 200 
[2026-09-2423:53:17] METHOD: POST /inscripciones - STATUS: 201 
[2026-09-2423:53:23] METHOD: GET /inscripciones - STATUS: 200 
[2026-09-2423:54:06] METHOD: DELETE /inscripciones/6ab2684f73a8f519ece2bc98 - STATUS: 200 
[2026-09-2423:54:20] METHOD: GET /inscripciones - STATUS: 200 
[2026-09-2423:54:22] METHOD: GET /inscripciones - STATUS: 200 
[2026-09-2423:54:23] METHOD: GET /inscripciones - STATUS: 200 
[2026-09-2423:54:24] METHOD: GET /inscripciones - STATUS: 200 
[2026-09-2423:57:18] METHOD: DELETE /inscripciones/6ab2684f73a8f519ece2bc98 - STATUS: 404 
[2026-09-2423:57:48] METHOD: GET /inscripciones - STATUS: 200 
[2026-09-2423:57:59] METHOD: DELETE /inscripciones/6ab5b7edb2d0120baf5a2abc - STATUS: 204 
[2026-09-2423:58:04] METHOD: GET /inscripciones - STATUS: 200 
[2026-09-2423:58:09] METHOD: POST /inscripciones - STATUS: 201 
[2026-09-2423:58:12] METHOD: GET /inscripciones - STATUS: 200 
[2026-09-2423:58:34] METHOD: POST /login - STATUS: 200 
[2026-09-2423:59:06] METHOD: DELETE /actividades/6ab2684f73a8f519ece2bc98 - STATUS: 500 
[2026-09-2423:59:20] METHOD: DELETE /actividades/6ab2684f73a8f519ece2bc9t - STATUS: 500 
[2026-09-2423:59:31] METHOD: DELETE /actividades/6ab2684f73a8f519ece2bc93 - STATUS: 404 
[2026-09-2423:59:55] METHOD: POST /login - STATUS: 200 
