[2026-09-1418:51:37] METHOD: GET /ping - STATUS: 200 
[2026-09-1418:51:45] METHOD: GET /v1/actividades - STATUS: 401 
[2026-09-1418:51:50] METHOD: GET /v1/actividades/1 - STATUS: 401 
[2026-09-1418:51:53] METHOD: POST /v1/actividades - STATUS: 401 
[2026-09-1418:58:05] METHOD: GET /public/login - STATUS: 401 
[2026-09-1418:58:18] METHOD: POST /public/login - STATUS: 401 
[2026-09-1418:58:24] METHOD: POST /login - STATUS: 401 
[2026-09-1418:59:31] METHOD: POST //v1/auth - STATUS: 401 
[2026-09-1418:59:38] METHOD: POST //v1/auth/login - STATUS: 401 
[2026-09-1419:00:42] METHOD: POST //v1/auth/signup - STATUS: 401 
[2026-09-1419:00:59] METHOD: POST /v1/auth/signup - STATUS: 401 
[2026-09-1419:01:21] METHOD: GET /ping - STATUS: 200 
[2026-09-1419:01:23] METHOD: GET /ping - STATUS: 200 
[2026-09-1419:01:24] METHOD: GET /ping - STATUS: 200 
[2026-09-1419:02:43] METHOD: GET /ping - STATUS: 200 
[2026-09-1419:02:48] METHOD: POST /v1/auth/signup - STATUS: 401 
[2026-09-1419:02:49] METHOD: POST /v1/auth/signup - STATUS: 401 
[2026-09-1419:02:51] METHOD: POST /v1/auth/signup - STATUS: 401 
[2026-09-1419:03:05] METHOD: POST /v1/auth/signup - STATUS: 401 
[2026-09-1419:04:16] METHOD: POST /signup - STATUS: 201 
[2026-09-1419:06:47] METHOD: POST /v1/auth/login - STATUS: 500 
[2026-09-1419:07:05] METHOD: POST /v1/auth/login - STATUS: 500 
[2026-09-1419:08:04] METHOD: POST /v1/auth/login - STATUS: 500 
[2026-09-1419:08:09] METHOD: POST /signup - STATUS: 400 
[2026-09-1419:08:30] METHOD: POST /v1/auth/login - STATUS: 500 
[2026-09-1419:10:09] METHOD: POST /v1/auth/login - STATUS: 500 
[2026-09-1419:10:21] METHOD: POST /signup - STATUS: 400 
[2026-09-1419:10:27] METHOD: POST /signup - STATUS: 201 
[2026-09-1419:13:18] METHOD: POST /login - STATUS: 200 
[2026-09-1419:18:56] METHOD: GET /v1/actividades/1 - STATUS: 401 
[2026-09-1419:18:57] METHOD: GET /v1/actividades/1 - STATUS: 401 
[2026-09-1419:19:33] METHOD: GET /v1/actividades/1 - STATUS: 401 
[2026-09-1419:19:34] METHOD: GET /v1/actividades/1 - STATUS: 401 
[2026-09-1419:19:42] METHOD: POST /login - STATUS: 200 
[2026-09-1419:20:01] METHOD: GET /ping - STATUS: 200 
[2026-09-1419:20:06] METHOD: GET /v1/actividades - STATUS: 401 
[2026-09-1419:20:32] METHOD: GET /v1/actividades - STATUS: 401 
[2026-09-1419:20:43] METHOD: GET /v1/actividades - STATUS: 401 
[2026-09-1419:25:58] METHOD: GET /v1/actividades/1 - STATUS: 401 
[2026-09-1419:26:04] METHOD: GET /v1/actividades/3 - STATUS: 401 
[2026-09-1419:26:10] METHOD: POST /login - STATUS: 200 
[2026-09-1419:26:32] METHOD: GET /v1/actividades - STATUS: 401 
[2026-09-1419:26:44] METHOD: GET /actividades - STATUS: 200 
[2026-09-1419:26:51] METHOD: GET /v1/actividades - STATUS: 401 
[2026-09-1419:26:55] METHOD: GET /actividades - STATUS: 200 
[2026-09-1419:27:20] METHOD: GET /actividades/3 - STATUS: 404 
[2026-09-1419:30:19] METHOD: POST /actividades - STATUS: 201 
[2026-09-1419:30:27] METHOD: DELETE /v1/actividades/2 - STATUS: 401 
[2026-09-1419:30:38] METHOD: DELETE /actividades/2 - STATUS: 204 
[2026-09-1419:30:53] METHOD: PUT /actividades/1 - STATUS: 200 
[2026-09-1419:40:59] METHOD: POST /signup - STATUS: 201 
[2026-09-1419:41:01] METHOD: POST /signup - STATUS: 400 
[2026-09-1419:41:04] METHOD: POST /signup - STATUS: 400 
[2026-09-1419:41:05] METHOD: POST /signup - STATUS: 400 
[2026-09-1419:41:12] METHOD: POST /login - STATUS: 401 
[2026-09-1419:41:18] METHOD: POST /login - STATUS: 200 
[2026-09-1419:41:20] METHOD: POST /login - STATUS: 200 
[2026-09-1419:41:26] METHOD: GET /ping - STATUS: 200 
[2026-09-1419:41:29] METHOD: GET /actividades - STATUS: 200 
[2026-09-1419:41:35] METHOD: GET /actividades/3 - STATUS: 404 
[2026-09-1419:41:41] METHOD: GET /actividades/2 - STATUS: 404 
[2026-09-1419:41:45] METHOD: GET /actividades/1 - STATUS: 200 
[2026-09-1419:41:53] METHOD: PUT /actividades/1 - STATUS: 200 
[2026-09-1419:43:32] METHOD: POST /signup - STATUS: 400 
[2026-09-1419:43:37] METHOD: POST /signup - STATUS: 201 
[2026-09-1419:43:42] METHOD: POST /login - STATUS: 200 
