[2026-09-1701:54:34] METHOD: POST /v1/auth/singup - STATUS: 401 
[2026-09-1701:55:56] METHOD: POST /v1/auth/singup - STATUS: 401 
[2026-09-1701:58:25] METHOD: POST /v1/auth/singup - STATUS: 401 
[2026-09-1701:58:40] METHOD: POST /v1/auth/singup - STATUS: 404 
[2026-09-1701:58:59] METHOD: POST /v1/auth/singup - STATUS: 404 
[2026-09-1701:59:28] METHOD: POST /signup - STATUS: 400 
[2026-09-1702:00:31] METHOD: POST /signup - STATUS: 400 
[2026-09-1702:01:01] METHOD: POST /signup - STATUS: 400 
[2026-09-1702:01:09] METHOD: POST /signup - STATUS: 201 
[2026-09-1702:03:28] METHOD: POST /signup - STATUS: 201 
[2026-09-1702:05:14] METHOD: POST /signup - STATUS: 201 
[2026-09-1711:09:15] METHOD: GET /ping - STATUS: 200 
[2026-09-1711:09:21] METHOD: POST /signup - STATUS: 201 
[2026-09-1711:52:08] METHOD: POST /v1/actividades - STATUS: 401 
[2026-09-1711:52:23] METHOD: POST /login - STATUS: 200 
[2026-09-1711:52:41] METHOD: POST /actividades - STATUS: 403 
[2026-09-1711:53:27] METHOD: POST /categorias - STATUS: 403 
[2026-09-1711:53:48] METHOD: POST /login - STATUS: 200 
[2026-09-1711:54:07] METHOD: POST /categorias - STATUS: 201 
[2026-09-1711:54:10] METHOD: POST /categorias - STATUS: 201 
[2026-09-1711:54:12] METHOD: POST /categorias - STATUS: 201 
[2026-09-1711:54:43] METHOD: PUT /categorias/1 - STATUS: 200 
[2026-09-1711:54:48] METHOD: PUT /categorias/1 - STATUS: 200 
[2026-09-1711:55:30] METHOD: DELETE /v1/categorias/2 - STATUS: 500 
[2026-09-1711:56:05] METHOD: DELETE /v1/categorias/1 - STATUS: 500 
[2026-09-1711:56:39] METHOD: DELETE /v1/categorias/1 - STATUS: 500 
[2026-09-1711:57:18] METHOD: DELETE /categorias/1 - STATUS: 204 
[2026-09-1711:57:29] METHOD: GET /categorias - STATUS: 200 
[2026-09-1711:58:23] METHOD: GET /categorias - STATUS: 200 
[2026-09-1711:58:41] METHOD: POST /categorias - STATUS: 201 
[2026-09-1711:58:46] METHOD: GET /categorias - STATUS: 200 
[2026-09-1711:59:09] METHOD: GET /categorias - STATUS: 200 
[2026-09-1711:59:20] METHOD: PUT /categorias/2 - STATUS: 200 
[2026-09-1711:59:24] METHOD: GET /categorias - STATUS: 200 
[2026-09-1711:59:54] METHOD: GET /categorias/1 - STATUS: 200 
[2026-09-1712:00:00] METHOD: GET /categorias/ - STATUS: 200 
[2026-09-1712:00:08] METHOD: GET /categorias/2 - STATUS: 200 
[2026-09-1712:36:53] METHOD: POST /v1/categorias - STATUS: 201 
[2026-09-1712:37:00] METHOD: POST /categorias - STATUS: 201 
[2026-09-1712:45:30] METHOD: GET /actividades - STATUS: 200 
[2026-09-1712:46:04] METHOD: POST /actividades - STATUS: 201 
[2026-09-1712:51:03] METHOD: POST /actividades - STATUS: 201 
[2026-09-1712:51:25] METHOD: POST /actividades - STATUS: 201 
[2026-09-1712:51:31] METHOD: GET /actividades - STATUS: 200 
[2026-09-1712:52:16] METHOD: GET /actividades - STATUS: 200 
[2026-09-1712:52:23] METHOD: GET /categorias - STATUS: 200 
[2026-09-1712:52:35] METHOD: POST /categorias - STATUS: 201 
[2026-09-1712:52:38] METHOD: GET /categorias - STATUS: 200 
[2026-09-1713:05:07] METHOD: GET /ping - STATUS: 200 
[2026-09-1713:05:11] METHOD: GET /v1/actividades - STATUS: 401 
[2026-09-1713:05:21] METHOD: POST /signup - STATUS: 201 
[2026-09-1713:32:21] METHOD: GET /v1/categorias - STATUS: 401 
[2026-09-1713:33:58] METHOD: GET /v1/inscripciones - STATUS: 401 
[2026-09-1713:34:30] METHOD: POST /login - STATUS: 200 
[2026-09-1713:34:49] METHOD: GET /inscripciones - STATUS: 200 
[2026-09-1713:35:28] METHOD: GET /inscripciones/2 - STATUS: 200 
[2026-09-1713:36:02] METHOD: GET /inscripciones/2 - STATUS: 200 
[2026-09-1713:36:04] METHOD: GET /inscripciones/2 - STATUS: 200 
[2026-09-1713:37:58] METHOD: POST /inscripciones - STATUS: 403 
[2026-09-1713:38:22] METHOD: POST /inscripciones - STATUS: 403 
[2026-09-1713:38:57] METHOD: POST /inscripciones - STATUS: 403 
[2026-09-1713:40:19] METHOD: POST /inscripciones - STATUS: 201 
[2026-09-1713:40:23] METHOD: GET /inscripciones - STATUS: 200 
[2026-09-1713:41:11] METHOD: DELETE /inscripciones/1 - STATUS: 204 
[2026-09-1713:41:14] METHOD: GET /inscripciones - STATUS: 200 
[2026-09-1713:41:22] METHOD: DELETE /inscripciones/3 - STATUS: 204 
[2026-09-1713:41:26] METHOD: GET /inscripciones - STATUS: 200 
[2026-09-1714:10:36] METHOD: GET /inscripciones - STATUS: 200 
[2026-09-1714:10:49] METHOD: GET /inscripciones/2 - STATUS: 200 
[2026-09-1714:10:52] METHOD: POST /inscripciones - STATUS: 201 
[2026-09-1714:11:28] METHOD: POST /inscripciones - STATUS: 201 
[2026-09-1714:11:34] METHOD: GET /inscripciones - STATUS: 200 
[2026-09-1714:11:45] METHOD: POST /inscripciones - STATUS: 201 
[2026-09-1714:11:48] METHOD: GET /inscripciones - STATUS: 200 
[2026-09-1714:20:55] METHOD: GET /inscripciones - STATUS: 200 
[2026-09-1714:21:05] METHOD: GET /inscripciones/2 - STATUS: 200 
[2026-09-1714:21:24] METHOD: POST /inscripciones - STATUS: 201 
[2026-09-1714:21:28] METHOD: GET /inscripciones - STATUS: 200 
