[2026-09-2111:22:59] METHOD: POST /v1/auth/signup - STATUS: 500 
[2026-09-2111:29:27] METHOD: POST /v1/auth/signup - STATUS: 500 
[2026-09-2111:31:13] METHOD: POST /v1/auth/signup - STATUS: 500 
[2026-09-2111:35:20] METHOD: POST /signup - STATUS: 201 
[2026-09-2111:40:41] METHOD: POST /signup - STATUS: 201 
[2026-09-2111:44:06] METHOD: POST /signup - STATUS: 201 
[2026-09-2111:45:07] METHOD: POST /signup - STATUS: 400 
[2026-09-2111:46:03] METHOD: POST /signup - STATUS: 201 
[2026-09-2111:47:59] METHOD: POST /signup - STATUS: 400 
[2026-09-2111:48:07] METHOD: POST /signup - STATUS: 201 
[2026-09-2111:49:09] METHOD: POST /signup - STATUS: 400 
[2026-09-2111:52:07] METHOD: POST /signup - STATUS: 201 
[2026-09-2111:56:32] METHOD: POST /signup - STATUS: 400 
[2026-09-2112:02:08] METHOD: POST /signup - STATUS: 201 
[2026-09-2112:03:00] METHOD: POST /signup - STATUS: 201 
[2026-09-2112:04:34] METHOD: POST /signup - STATUS: 400 
[2026-09-2112:04:37] METHOD: POST /signup - STATUS: 400 
[2026-09-2112:04:51] METHOD: POST /login - STATUS: 200 
[2026-09-2112:04:55] METHOD: POST /login - STATUS: 400 
[2026-09-2112:05:04] METHOD: POST /login - STATUS: 200 
[2026-09-2112:05:18] METHOD: POST /login - STATUS: 400 
[2026-09-2112:05:51] METHOD: POST /signup - STATUS: 201 
[2026-09-2112:07:49] METHOD: POST /signup - STATUS: 201 
[2026-09-2112:07:55] METHOD: POST /login - STATUS: 200 
[2026-09-2112:08:02] METHOD: POST /login - STATUS: 200 
[2026-09-2121:40:25] METHOD: POST /login - STATUS: 200 
[2026-09-2121:40:28] METHOD: POST /login - STATUS: 400 
[2026-09-2121:40:32] METHOD: POST /login - STATUS: 200 
[2026-09-2121:40:36] METHOD: POST /signup - STATUS: 201 
[2026-09-2121:47:48] METHOD: POST /signup - STATUS: 201 
[2026-09-2121:48:00] METHOD: POST /login - STATUS: 200 
[2026-09-2122:03:55] METHOD: POST /login - STATUS: 200 
[2026-09-2122:04:22] METHOD: PATCH /v1/usuarios/premium - STATUS: 500 
[2026-09-2122:05:33] METHOD: PATCH /usuarios/premium - STATUS: 200 
[2026-09-2123:18:34] METHOD: POST /login - STATUS: 200 
[2026-09-2123:19:14] METHOD: GET /v1/actividades - STATUS: 500 
[2026-09-2123:19:22] METHOD: GET /v1/actividades/2 - STATUS: 500 
[2026-09-2123:19:28] METHOD: POST /actividades - STATUS: 403 
[2026-09-2123:19:34] METHOD: DELETE /actividades/1 - STATUS: 403 
[2026-09-2123:19:38] METHOD: PUT /actividades/1 - STATUS: 403 
[2026-09-2123:24:20] METHOD: GET /actividades - STATUS: 200 
[2026-09-2123:26:17] METHOD: POST /login - STATUS: 200 
[2026-09-2123:26:35] METHOD: GET /actividades - STATUS: 200 
[2026-09-2123:33:42] METHOD: GET /actividades - STATUS: 200 
[2026-09-2123:37:57] METHOD: POST /actividades - STATUS: 403 
[2026-09-2123:38:26] METHOD: POST /login - STATUS: 200 
[2026-09-2123:39:14] METHOD: POST /actividades - STATUS: 201 
[2026-09-2123:52:04] METHOD: POST /actividades - STATUS: 201 
[2026-09-2123:55:09] METHOD: GET /actividades/6ab1c324a80b5ba99229be48 - STATUS: 200 
[2026-09-2123:59:11] METHOD: GET /actividades/6ab1c0227c549ae9d7faba3b - STATUS: 200 
[2026-09-2123:59:44] METHOD: GET /actividades/6ab1c324a80b5ba99229be48 - STATUS: 200 
